Starting a Gradle Daemon (subsequent builds will be faster)

> Configure project :
Compiling with build: 'custom build'

> Configure project :android
No keystore property found. Releases will be unsigned.
Configuration 'natives' was resolved during configuration time.
This is a build performance and scalability issue.
See https://github.com/gradle/gradle/issues/2298
Run with --info for a stacktrace.

> Configure project :desktop
Scheduling sprite packing.

> Task :clearCache
> Task :checkKotlinGradlePluginConfigurationErrors SKIPPED
> Task :kaptGenerateStubsKotlin SKIPPED
> Task :kaptKotlin SKIPPED
> Task :compileKotlin NO-SOURCE
> Task :compileJava NO-SOURCE
> Task :processResources NO-SOURCE
> Task :classes UP-TO-DATE
> Task :annotations:clearCache
> Task :annotations:compileJava UP-TO-DATE
> Task :annotations:processResources UP-TO-DATE
> Task :annotations:classes UP-TO-DATE
> Task :core:clearCache
> Task :core:checkKotlinGradlePluginConfigurationErrors SKIPPED
> Task :annotations:jar UP-TO-DATE
> Task :core:kaptGenerateStubsKotlin SKIPPED
> Task :core:kaptKotlin UP-TO-DATE
> Task :core:compileKotlin SKIPPED
> Task :core:preGen UP-TO-DATE
> Task :core:compileJava UP-TO-DATE
> Task :core:processResources NO-SOURCE
> Task :core:classes UP-TO-DATE
> Task :desktop:clearCache

> Task :desktop:compileJava
warning: [options] source value 8 is obsolete and will be removed in a future release
warning: [options] target value 8 is obsolete and will be removed in a future release
warning: [options] To suppress warnings about obsolete options, use -Xlint:-options.
3 warnings

> Task :desktop:processResources NO-SOURCE
> Task :desktop:classes
> Task :ios:clearCache

> Task :ios:compileJava
warning: [options] source value 8 is obsolete and will be removed in a future release
warning: [options] target value 8 is obsolete and will be removed in a future release
warning: [options] To suppress warnings about obsolete options, use -Xlint:-options.
3 warnings

> Task :ios:processResources NO-SOURCE
> Task :ios:classes
> Task :server:clearCache

> Task :server:compileJava
warning: [options] source value 8 is obsolete and will be removed in a future release
warning: [options] target value 8 is obsolete and will be removed in a future release
warning: [options] To suppress warnings about obsolete options, use -Xlint:-options.
3 warnings

> Task :server:processResources NO-SOURCE
> Task :server:classes
> Task :tests:clearCache
> Task :tests:compileJava NO-SOURCE
> Task :tests:processResources NO-SOURCE
> Task :tests:classes UP-TO-DATE
> Task :tools:clearCache
> Task :tools:compileJava UP-TO-DATE
> Task :tools:processResources NO-SOURCE
> Task :tools:classes UP-TO-DATE

[Incubating] Problems report is available at: file:///app/build/reports/problems/problems-report.html

Deprecated Gradle features were used in this build, making it incompatible with Gradle 9.0.

You can use '--warning-mode all' to show the individual deprecation warnings and determine if they come from your own scripts or plugins.

For more on this, please refer to https://docs.gradle.org/8.14.3/userguide/command_line_interface.html#sec:command_line_warnings in the Gradle documentation.

BUILD SUCCESSFUL in 53s
17 actionable tasks: 11 executed, 6 up-to-date
